R PROGRAMMING

dir()

msg <- "hello"
x <- 1:120

FUNZIONE C() PER CREARE VECTOR E LISTE
FINZIONE VECTOR() PER CREARE VECTOR
FUNZIONE LIST() PER LISTE DI CLASSI DIVERSE

CONSOLE

> dir()
 [1] "Adobe"                           "Altro"                          
 [3] "Biblioteca di calibre"           "Boarding pass"                  
 [5] "Bookmarks"                       "desktop.ini"                    
 [7] "Documentazione varia"            "Documenti affitto"              
 [9] "hp.applications.package.appdata" "hp.system.package.metadata"     
[11] "Immagini"                        "Musica"                         
[13] "R"                               "SuperCollider"                  
[15] "Tickets"                         "Video"                          
[17] "Youcam"                         
> setwd("C:/Users/Mauro/datasciencecoursera")
> 
> 
>   mean(y)
Error in mean(y) : object 'y' not found
>   mean(y)
Error in mean(y) : object 'y' not found
> myFunction <- function(){
+   y <- rnorm(100)
+   mean(y)
+ }
> 
>   mean(x)
[1] 0.0252954
> setwd("C:/Users/Mauro/datasciencecoursera")
> setwd("C:/Users/Mauro/datasciencecoursera")
>   x <- rnorm(length(x))
>   x + rnorm(length(x))
  [1]  1.9882986972  0.2356752437 -0.4242327262 -2.5424857390  1.5475184720
  [6]  1.0012542535  0.2209683771 -1.2683412938  1.0025474721  0.5830228754
 [11] -0.0194769559 -0.0206980267 -1.3354417389  3.1017509930  0.7070126803
 [16]  0.0004311401  1.9583736561 -2.1672029937  0.9877960681  0.6328175693
 [21]  0.7887371187 -0.5964771139 -1.8492481966  0.0855111624  1.5214559313
 [26]  0.1720061213 -0.8330817792 -1.7972402137  0.2914325239  0.9860752181
 [31]  0.0879975344 -0.8554036193  0.3519935709 -1.2326098460  1.4290298000
 [36]  0.6425718347  1.6887522796  1.4408869038 -1.9694126866 -0.9040302935
 [41]  0.5935712196 -0.0248950476  2.0061937785  0.7762546112  1.3211643294
 [46]  1.8483278430  1.0758210165  2.3331833511  0.2527339955  0.0878607475
 [51]  0.0210590143  0.4194631427  0.3978023698  0.5163627357  1.7093175776
 [56] -0.3059948152 -0.1734559604 -1.3281920929  1.7602629903 -0.7109153838
 [61]  1.4392365403 -0.9491151643  0.3509916647  2.6815129752  1.2897198328
 [66] -0.2215944003  0.6131294535 -1.1498525365 -0.9582708580 -1.7079873277
 [71] -1.7503204572 -0.0317934259  3.7860560764  1.1029311192  2.5458178421
 [76] -0.6546665118  0.4950533973 -0.5253152047 -2.7665090567 -0.0628282158
 [81] -2.1579364826  0.5973360370 -1.2462704089  0.1448738026 -3.1463280478
 [86]  1.2976902465  1.3648245817  2.0410297523  1.0272724569 -0.7445733828
 [91] -0.1196646741  0.1110726751 -2.7393835812  1.5262323189 -0.6254121413
 [96] -0.8891051676 -0.4859052570  0.2542837355 -0.4281447745 -2.0396377581
> msg <- "hello"
> print(msg)
[1] "hello"
> msg
[1] "hello"
> x <- 1:120
> x
  [1]   1   2   3   4   5   6   7   8   9  10  11  12  13  14  15  16  17  18  19
 [20]  20  21  22  23  24  25  26  27  28  29  30  31  32  33  34  35  36  37  38
 [39]  39  40  41  42  43  44  45  46  47  48  49  50  51  52  53  54  55  56  57
 [58]  58  59  60  61  62  63  64  65  66  67  68  69  70  71  72  73  74  75  76
 [77]  77  78  79  80  81  82  83  84  85  86  87  88  89  90  91  92  93  94  95
 [96]  96  97  98  99 100 101 102 103 104 105 106 107 108 109 110 111 112 113 114
[115] 115 116 117 118 119 120
> x <- c("hello", 2, "x")
> x
[1] "hello" "2"     "x"    
> x <- c(2, 2, 2)
> x
[1] 2 2 2
> x <- c("hello", "2", "x")
> x
[1] "hello" "2"     "x"    
> x <- vector("d", length = 10)
Error in vector("d", length = 10) : 
  vector: cannot make a vector of mode 'd'.
> x <- vector("numeric", length = 10)
> x
 [1] 0 0 0 0 0 0 0 0 0 0
> as.character(x)
 [1] "0" "0" "0" "0" "0" "0" "0" "0" "0" "0"
> X <- list(12, "bof", TRUE, "str", 1+2)
> x
 [1] 0 0 0 0 0 0 0 0 0 0
> X <- list(12, "bof", TRUE, "str", 1+2)
> X
[[1]]
[1] 12

[[2]]
[1] "bof"

[[3]]
[1] TRUE

[[4]]
[1] "str"

[[5]]
[1] 3

> X <- list(12, "bof", TRUE, "str", 1+0a)
Error: unexpected symbol in "X <- list(12, "bof", TRUE, "str", 1+0a"
> X <- list(12, "bof", TRUE, "str", 1+4i)
> X
[[1]]
[1] 12

[[2]]
[1] "bof"

[[3]]
[1] TRUE

[[4]]
[1] "str"

[[5]]
[1] 1+4i

> 